// Jest Snapshot v1, https://goo.gl/fbAQLP

exports[`Users API Error should have no impact when problem with API 1`] = `
ShallowWrapper {
  Symbol(enzyme.__root__): [Circular],
  Symbol(enzyme.__unrendered__): <Users />,
  Symbol(enzyme.__renderer__): Object {
    "batchedUpdates": [Function],
    "getNode": [Function],
    "render": [Function],
    "simulateEvent": [Function],
    "unmount": [Function],
  },
  Symbol(enzyme.__node__): Object {
    "instance": null,
    "key": undefined,
    "nodeType": "host",
    "props": Object {
      "children": Array [
        <h1>
          Pearson User Management
</h1>,
        <div
          className="users-list-box"
>
          <div
                    className="inner-user-box"
          >
                    <ul
                              className="users-box"
                    >
                              <user
                                        deleteUser={[Function]}
                                        firstName="Eve"
                                        lastName="Holt"
                                        profileAvatar="https://s3.amazonaws.com/uifaces/faces/twitter/marcoramires/128.jpg"
                                        userId={4}
                              />
                              <user
                                        deleteUser={[Function]}
                                        firstName="Charles"
                                        lastName="Morris"
                                        profileAvatar="https://s3.amazonaws.com/uifaces/faces/twitter/stephenmoon/128.jpg"
                                        userId={5}
                              />
                              <user
                                        deleteUser={[Function]}
                                        firstName="Tracey"
                                        lastName="Ramos"
                                        profileAvatar="https://s3.amazonaws.com/uifaces/faces/twitter/bigmancho/128.jpg"
                                        userId={6}
                              />
                    </ul>
          </div>
</div>,
      ],
      "className": "pearon-users",
    },
    "ref": null,
    "rendered": Array [
      Object {
        "instance": null,
        "key": undefined,
        "nodeType": "host",
        "props": Object {
          "children": "Pearson User Management",
        },
        "ref": null,
        "rendered": "Pearson User Management",
        "type": "h1",
      },
      Object {
        "instance": null,
        "key": undefined,
        "nodeType": "host",
        "props": Object {
          "children": <div
            className="inner-user-box"
>
            <ul
                        className="users-box"
            >
                        <user
                                    deleteUser={[Function]}
                                    firstName="Eve"
                                    lastName="Holt"
                                    profileAvatar="https://s3.amazonaws.com/uifaces/faces/twitter/marcoramires/128.jpg"
                                    userId={4}
                        />
                        <user
                                    deleteUser={[Function]}
                                    firstName="Charles"
                                    lastName="Morris"
                                    profileAvatar="https://s3.amazonaws.com/uifaces/faces/twitter/stephenmoon/128.jpg"
                                    userId={5}
                        />
                        <user
                                    deleteUser={[Function]}
                                    firstName="Tracey"
                                    lastName="Ramos"
                                    profileAvatar="https://s3.amazonaws.com/uifaces/faces/twitter/bigmancho/128.jpg"
                                    userId={6}
                        />
            </ul>
</div>,
          "className": "users-list-box",
        },
        "ref": null,
        "rendered": Object {
          "instance": null,
          "key": undefined,
          "nodeType": "host",
          "props": Object {
            "children": <ul
              className="users-box"
>
              <user
                            deleteUser={[Function]}
                            firstName="Eve"
                            lastName="Holt"
                            profileAvatar="https://s3.amazonaws.com/uifaces/faces/twitter/marcoramires/128.jpg"
                            userId={4}
              />
              <user
                            deleteUser={[Function]}
                            firstName="Charles"
                            lastName="Morris"
                            profileAvatar="https://s3.amazonaws.com/uifaces/faces/twitter/stephenmoon/128.jpg"
                            userId={5}
              />
              <user
                            deleteUser={[Function]}
                            firstName="Tracey"
                            lastName="Ramos"
                            profileAvatar="https://s3.amazonaws.com/uifaces/faces/twitter/bigmancho/128.jpg"
                            userId={6}
              />
</ul>,
            "className": "inner-user-box",
          },
          "ref": null,
          "rendered": Object {
            "instance": null,
            "key": undefined,
            "nodeType": "host",
            "props": Object {
              "children": Array [
                <user
                  deleteUser={[Function]}
                  firstName="Eve"
                  lastName="Holt"
                  profileAvatar="https://s3.amazonaws.com/uifaces/faces/twitter/marcoramires/128.jpg"
                  userId={4}
/>,
                <user
                  deleteUser={[Function]}
                  firstName="Charles"
                  lastName="Morris"
                  profileAvatar="https://s3.amazonaws.com/uifaces/faces/twitter/stephenmoon/128.jpg"
                  userId={5}
/>,
                <user
                  deleteUser={[Function]}
                  firstName="Tracey"
                  lastName="Ramos"
                  profileAvatar="https://s3.amazonaws.com/uifaces/faces/twitter/bigmancho/128.jpg"
                  userId={6}
/>,
              ],
              "className": "users-box",
            },
            "ref": null,
            "rendered": Array [
              Object {
                "instance": null,
                "key": "4",
                "nodeType": "function",
                "props": Object {
                  "deleteUser": [Function],
                  "firstName": "Eve",
                  "lastName": "Holt",
                  "profileAvatar": "https://s3.amazonaws.com/uifaces/faces/twitter/marcoramires/128.jpg",
                  "userId": 4,
                },
                "ref": null,
                "rendered": null,
                "type": [Function],
              },
              Object {
                "instance": null,
                "key": "5",
                "nodeType": "function",
                "props": Object {
                  "deleteUser": [Function],
                  "firstName": "Charles",
                  "lastName": "Morris",
                  "profileAvatar": "https://s3.amazonaws.com/uifaces/faces/twitter/stephenmoon/128.jpg",
                  "userId": 5,
                },
                "ref": null,
                "rendered": null,
                "type": [Function],
              },
              Object {
                "instance": null,
                "key": "6",
                "nodeType": "function",
                "props": Object {
                  "deleteUser": [Function],
                  "firstName": "Tracey",
                  "lastName": "Ramos",
                  "profileAvatar": "https://s3.amazonaws.com/uifaces/faces/twitter/bigmancho/128.jpg",
                  "userId": 6,
                },
                "ref": null,
                "rendered": null,
                "type": [Function],
              },
            ],
            "type": "ul",
          },
          "type": "div",
        },
        "type": "div",
      },
    ],
    "type": "div",
  },
  Symbol(enzyme.__nodes__): Array [
    Object {
      "instance": null,
      "key": undefined,
      "nodeType": "host",
      "props": Object {
        "children": Array [
          <h1>
            Pearson User Management
</h1>,
          <div
            className="users-list-box"
>
            <div
                        className="inner-user-box"
            >
                        <ul
                                    className="users-box"
                        >
                                    <user
                                                deleteUser={[Function]}
                                                firstName="Eve"
                                                lastName="Holt"
                                                profileAvatar="https://s3.amazonaws.com/uifaces/faces/twitter/marcoramires/128.jpg"
                                                userId={4}
                                    />
                                    <user
                                                deleteUser={[Function]}
                                                firstName="Charles"
                                                lastName="Morris"
                                                profileAvatar="https://s3.amazonaws.com/uifaces/faces/twitter/stephenmoon/128.jpg"
                                                userId={5}
                                    />
                                    <user
                                                deleteUser={[Function]}
                                                firstName="Tracey"
                                                lastName="Ramos"
                                                profileAvatar="https://s3.amazonaws.com/uifaces/faces/twitter/bigmancho/128.jpg"
                                                userId={6}
                                    />
                        </ul>
            </div>
</div>,
        ],
        "className": "pearon-users",
      },
      "ref": null,
      "rendered": Array [
        Object {
          "instance": null,
          "key": undefined,
          "nodeType": "host",
          "props": Object {
            "children": "Pearson User Management",
          },
          "ref": null,
          "rendered": "Pearson User Management",
          "type": "h1",
        },
        Object {
          "instance": null,
          "key": undefined,
          "nodeType": "host",
          "props": Object {
            "children": <div
              className="inner-user-box"
>
              <ul
                            className="users-box"
              >
                            <user
                                          deleteUser={[Function]}
                                          firstName="Eve"
                                          lastName="Holt"
                                          profileAvatar="https://s3.amazonaws.com/uifaces/faces/twitter/marcoramires/128.jpg"
                                          userId={4}
                            />
                            <user
                                          deleteUser={[Function]}
                                          firstName="Charles"
                                          lastName="Morris"
                                          profileAvatar="https://s3.amazonaws.com/uifaces/faces/twitter/stephenmoon/128.jpg"
                                          userId={5}
                            />
                            <user
                                          deleteUser={[Function]}
                                          firstName="Tracey"
                                          lastName="Ramos"
                                          profileAvatar="https://s3.amazonaws.com/uifaces/faces/twitter/bigmancho/128.jpg"
                                          userId={6}
                            />
              </ul>
</div>,
            "className": "users-list-box",
          },
          "ref": null,
          "rendered": Object {
            "instance": null,
            "key": undefined,
            "nodeType": "host",
            "props": Object {
              "children": <ul
                className="users-box"
>
                <user
                                deleteUser={[Function]}
                                firstName="Eve"
                                lastName="Holt"
                                profileAvatar="https://s3.amazonaws.com/uifaces/faces/twitter/marcoramires/128.jpg"
                                userId={4}
                />
                <user
                                deleteUser={[Function]}
                                firstName="Charles"
                                lastName="Morris"
                                profileAvatar="https://s3.amazonaws.com/uifaces/faces/twitter/stephenmoon/128.jpg"
                                userId={5}
                />
                <user
                                deleteUser={[Function]}
                                firstName="Tracey"
                                lastName="Ramos"
                                profileAvatar="https://s3.amazonaws.com/uifaces/faces/twitter/bigmancho/128.jpg"
                                userId={6}
                />
</ul>,
              "className": "inner-user-box",
            },
            "ref": null,
            "rendered": Object {
              "instance": null,
              "key": undefined,
              "nodeType": "host",
              "props": Object {
                "children": Array [
                  <user
                    deleteUser={[Function]}
                    firstName="Eve"
                    lastName="Holt"
                    profileAvatar="https://s3.amazonaws.com/uifaces/faces/twitter/marcoramires/128.jpg"
                    userId={4}
/>,
                  <user
                    deleteUser={[Function]}
                    firstName="Charles"
                    lastName="Morris"
                    profileAvatar="https://s3.amazonaws.com/uifaces/faces/twitter/stephenmoon/128.jpg"
                    userId={5}
/>,
                  <user
                    deleteUser={[Function]}
                    firstName="Tracey"
                    lastName="Ramos"
                    profileAvatar="https://s3.amazonaws.com/uifaces/faces/twitter/bigmancho/128.jpg"
                    userId={6}
/>,
                ],
                "className": "users-box",
              },
              "ref": null,
              "rendered": Array [
                Object {
                  "instance": null,
                  "key": "4",
                  "nodeType": "function",
                  "props": Object {
                    "deleteUser": [Function],
                    "firstName": "Eve",
                    "lastName": "Holt",
                    "profileAvatar": "https://s3.amazonaws.com/uifaces/faces/twitter/marcoramires/128.jpg",
                    "userId": 4,
                  },
                  "ref": null,
                  "rendered": null,
                  "type": [Function],
                },
                Object {
                  "instance": null,
                  "key": "5",
                  "nodeType": "function",
                  "props": Object {
                    "deleteUser": [Function],
                    "firstName": "Charles",
                    "lastName": "Morris",
                    "profileAvatar": "https://s3.amazonaws.com/uifaces/faces/twitter/stephenmoon/128.jpg",
                    "userId": 5,
                  },
                  "ref": null,
                  "rendered": null,
                  "type": [Function],
                },
                Object {
                  "instance": null,
                  "key": "6",
                  "nodeType": "function",
                  "props": Object {
                    "deleteUser": [Function],
                    "firstName": "Tracey",
                    "lastName": "Ramos",
                    "profileAvatar": "https://s3.amazonaws.com/uifaces/faces/twitter/bigmancho/128.jpg",
                    "userId": 6,
                  },
                  "ref": null,
                  "rendered": null,
                  "type": [Function],
                },
              ],
              "type": "ul",
            },
            "type": "div",
          },
          "type": "div",
        },
      ],
      "type": "div",
    },
  ],
  Symbol(enzyme.__options__): Object {
    "adapter": ReactSixteenAdapter {
      "options": Object {
        "enableComponentDidUpdateOnSetState": true,
        "lifecycles": Object {
          "componentDidUpdate": Object {
            "onSetState": true,
          },
          "getDerivedStateFromProps": true,
          "getSnapshotBeforeUpdate": true,
          "setState": Object {
            "skipsComponentDidUpdateOnNullish": true,
          },
        },
      },
    },
    "attachTo": undefined,
    "hydrateIn": undefined,
  },
}
`;

exports[`Users should render with required props 1`] = `
ShallowWrapper {
  Symbol(enzyme.__root__): [Circular],
  Symbol(enzyme.__unrendered__): <Users />,
  Symbol(enzyme.__renderer__): Object {
    "batchedUpdates": [Function],
    "getNode": [Function],
    "render": [Function],
    "simulateEvent": [Function],
    "unmount": [Function],
  },
  Symbol(enzyme.__node__): Object {
    "instance": null,
    "key": undefined,
    "nodeType": "host",
    "props": Object {
      "children": Array [
        <h1>
          Pearson User Management
</h1>,
        <div
          className="users-list-box"
>
          <div
                    className="inner-user-box"
          >
                    <ul
                              className="users-box"
                    >
                              <user
                                        deleteUser={[Function]}
                                        firstName="Eve"
                                        lastName="Holt"
                                        profileAvatar="https://s3.amazonaws.com/uifaces/faces/twitter/marcoramires/128.jpg"
                                        userId={4}
                              />
                              <user
                                        deleteUser={[Function]}
                                        firstName="Charles"
                                        lastName="Morris"
                                        profileAvatar="https://s3.amazonaws.com/uifaces/faces/twitter/stephenmoon/128.jpg"
                                        userId={5}
                              />
                              <user
                                        deleteUser={[Function]}
                                        firstName="Tracey"
                                        lastName="Ramos"
                                        profileAvatar="https://s3.amazonaws.com/uifaces/faces/twitter/bigmancho/128.jpg"
                                        userId={6}
                              />
                    </ul>
          </div>
</div>,
      ],
      "className": "pearon-users",
    },
    "ref": null,
    "rendered": Array [
      Object {
        "instance": null,
        "key": undefined,
        "nodeType": "host",
        "props": Object {
          "children": "Pearson User Management",
        },
        "ref": null,
        "rendered": "Pearson User Management",
        "type": "h1",
      },
      Object {
        "instance": null,
        "key": undefined,
        "nodeType": "host",
        "props": Object {
          "children": <div
            className="inner-user-box"
>
            <ul
                        className="users-box"
            >
                        <user
                                    deleteUser={[Function]}
                                    firstName="Eve"
                                    lastName="Holt"
                                    profileAvatar="https://s3.amazonaws.com/uifaces/faces/twitter/marcoramires/128.jpg"
                                    userId={4}
                        />
                        <user
                                    deleteUser={[Function]}
                                    firstName="Charles"
                                    lastName="Morris"
                                    profileAvatar="https://s3.amazonaws.com/uifaces/faces/twitter/stephenmoon/128.jpg"
                                    userId={5}
                        />
                        <user
                                    deleteUser={[Function]}
                                    firstName="Tracey"
                                    lastName="Ramos"
                                    profileAvatar="https://s3.amazonaws.com/uifaces/faces/twitter/bigmancho/128.jpg"
                                    userId={6}
                        />
            </ul>
</div>,
          "className": "users-list-box",
        },
        "ref": null,
        "rendered": Object {
          "instance": null,
          "key": undefined,
          "nodeType": "host",
          "props": Object {
            "children": <ul
              className="users-box"
>
              <user
                            deleteUser={[Function]}
                            firstName="Eve"
                            lastName="Holt"
                            profileAvatar="https://s3.amazonaws.com/uifaces/faces/twitter/marcoramires/128.jpg"
                            userId={4}
              />
              <user
                            deleteUser={[Function]}
                            firstName="Charles"
                            lastName="Morris"
                            profileAvatar="https://s3.amazonaws.com/uifaces/faces/twitter/stephenmoon/128.jpg"
                            userId={5}
              />
              <user
                            deleteUser={[Function]}
                            firstName="Tracey"
                            lastName="Ramos"
                            profileAvatar="https://s3.amazonaws.com/uifaces/faces/twitter/bigmancho/128.jpg"
                            userId={6}
              />
</ul>,
            "className": "inner-user-box",
          },
          "ref": null,
          "rendered": Object {
            "instance": null,
            "key": undefined,
            "nodeType": "host",
            "props": Object {
              "children": Array [
                <user
                  deleteUser={[Function]}
                  firstName="Eve"
                  lastName="Holt"
                  profileAvatar="https://s3.amazonaws.com/uifaces/faces/twitter/marcoramires/128.jpg"
                  userId={4}
/>,
                <user
                  deleteUser={[Function]}
                  firstName="Charles"
                  lastName="Morris"
                  profileAvatar="https://s3.amazonaws.com/uifaces/faces/twitter/stephenmoon/128.jpg"
                  userId={5}
/>,
                <user
                  deleteUser={[Function]}
                  firstName="Tracey"
                  lastName="Ramos"
                  profileAvatar="https://s3.amazonaws.com/uifaces/faces/twitter/bigmancho/128.jpg"
                  userId={6}
/>,
              ],
              "className": "users-box",
            },
            "ref": null,
            "rendered": Array [
              Object {
                "instance": null,
                "key": "4",
                "nodeType": "function",
                "props": Object {
                  "deleteUser": [Function],
                  "firstName": "Eve",
                  "lastName": "Holt",
                  "profileAvatar": "https://s3.amazonaws.com/uifaces/faces/twitter/marcoramires/128.jpg",
                  "userId": 4,
                },
                "ref": null,
                "rendered": null,
                "type": [Function],
              },
              Object {
                "instance": null,
                "key": "5",
                "nodeType": "function",
                "props": Object {
                  "deleteUser": [Function],
                  "firstName": "Charles",
                  "lastName": "Morris",
                  "profileAvatar": "https://s3.amazonaws.com/uifaces/faces/twitter/stephenmoon/128.jpg",
                  "userId": 5,
                },
                "ref": null,
                "rendered": null,
                "type": [Function],
              },
              Object {
                "instance": null,
                "key": "6",
                "nodeType": "function",
                "props": Object {
                  "deleteUser": [Function],
                  "firstName": "Tracey",
                  "lastName": "Ramos",
                  "profileAvatar": "https://s3.amazonaws.com/uifaces/faces/twitter/bigmancho/128.jpg",
                  "userId": 6,
                },
                "ref": null,
                "rendered": null,
                "type": [Function],
              },
            ],
            "type": "ul",
          },
          "type": "div",
        },
        "type": "div",
      },
    ],
    "type": "div",
  },
  Symbol(enzyme.__nodes__): Array [
    Object {
      "instance": null,
      "key": undefined,
      "nodeType": "host",
      "props": Object {
        "children": Array [
          <h1>
            Pearson User Management
</h1>,
          <div
            className="users-list-box"
>
            <div
                        className="inner-user-box"
            >
                        <ul
                                    className="users-box"
                        >
                                    <user
                                                deleteUser={[Function]}
                                                firstName="Eve"
                                                lastName="Holt"
                                                profileAvatar="https://s3.amazonaws.com/uifaces/faces/twitter/marcoramires/128.jpg"
                                                userId={4}
                                    />
                                    <user
                                                deleteUser={[Function]}
                                                firstName="Charles"
                                                lastName="Morris"
                                                profileAvatar="https://s3.amazonaws.com/uifaces/faces/twitter/stephenmoon/128.jpg"
                                                userId={5}
                                    />
                                    <user
                                                deleteUser={[Function]}
                                                firstName="Tracey"
                                                lastName="Ramos"
                                                profileAvatar="https://s3.amazonaws.com/uifaces/faces/twitter/bigmancho/128.jpg"
                                                userId={6}
                                    />
                        </ul>
            </div>
</div>,
        ],
        "className": "pearon-users",
      },
      "ref": null,
      "rendered": Array [
        Object {
          "instance": null,
          "key": undefined,
          "nodeType": "host",
          "props": Object {
            "children": "Pearson User Management",
          },
          "ref": null,
          "rendered": "Pearson User Management",
          "type": "h1",
        },
        Object {
          "instance": null,
          "key": undefined,
          "nodeType": "host",
          "props": Object {
            "children": <div
              className="inner-user-box"
>
              <ul
                            className="users-box"
              >
                            <user
                                          deleteUser={[Function]}
                                          firstName="Eve"
                                          lastName="Holt"
                                          profileAvatar="https://s3.amazonaws.com/uifaces/faces/twitter/marcoramires/128.jpg"
                                          userId={4}
                            />
                            <user
                                          deleteUser={[Function]}
                                          firstName="Charles"
                                          lastName="Morris"
                                          profileAvatar="https://s3.amazonaws.com/uifaces/faces/twitter/stephenmoon/128.jpg"
                                          userId={5}
                            />
                            <user
                                          deleteUser={[Function]}
                                          firstName="Tracey"
                                          lastName="Ramos"
                                          profileAvatar="https://s3.amazonaws.com/uifaces/faces/twitter/bigmancho/128.jpg"
                                          userId={6}
                            />
              </ul>
</div>,
            "className": "users-list-box",
          },
          "ref": null,
          "rendered": Object {
            "instance": null,
            "key": undefined,
            "nodeType": "host",
            "props": Object {
              "children": <ul
                className="users-box"
>
                <user
                                deleteUser={[Function]}
                                firstName="Eve"
                                lastName="Holt"
                                profileAvatar="https://s3.amazonaws.com/uifaces/faces/twitter/marcoramires/128.jpg"
                                userId={4}
                />
                <user
                                deleteUser={[Function]}
                                firstName="Charles"
                                lastName="Morris"
                                profileAvatar="https://s3.amazonaws.com/uifaces/faces/twitter/stephenmoon/128.jpg"
                                userId={5}
                />
                <user
                                deleteUser={[Function]}
                                firstName="Tracey"
                                lastName="Ramos"
                                profileAvatar="https://s3.amazonaws.com/uifaces/faces/twitter/bigmancho/128.jpg"
                                userId={6}
                />
</ul>,
              "className": "inner-user-box",
            },
            "ref": null,
            "rendered": Object {
              "instance": null,
              "key": undefined,
              "nodeType": "host",
              "props": Object {
                "children": Array [
                  <user
                    deleteUser={[Function]}
                    firstName="Eve"
                    lastName="Holt"
                    profileAvatar="https://s3.amazonaws.com/uifaces/faces/twitter/marcoramires/128.jpg"
                    userId={4}
/>,
                  <user
                    deleteUser={[Function]}
                    firstName="Charles"
                    lastName="Morris"
                    profileAvatar="https://s3.amazonaws.com/uifaces/faces/twitter/stephenmoon/128.jpg"
                    userId={5}
/>,
                  <user
                    deleteUser={[Function]}
                    firstName="Tracey"
                    lastName="Ramos"
                    profileAvatar="https://s3.amazonaws.com/uifaces/faces/twitter/bigmancho/128.jpg"
                    userId={6}
/>,
                ],
                "className": "users-box",
              },
              "ref": null,
              "rendered": Array [
                Object {
                  "instance": null,
                  "key": "4",
                  "nodeType": "function",
                  "props": Object {
                    "deleteUser": [Function],
                    "firstName": "Eve",
                    "lastName": "Holt",
                    "profileAvatar": "https://s3.amazonaws.com/uifaces/faces/twitter/marcoramires/128.jpg",
                    "userId": 4,
                  },
                  "ref": null,
                  "rendered": null,
                  "type": [Function],
                },
                Object {
                  "instance": null,
                  "key": "5",
                  "nodeType": "function",
                  "props": Object {
                    "deleteUser": [Function],
                    "firstName": "Charles",
                    "lastName": "Morris",
                    "profileAvatar": "https://s3.amazonaws.com/uifaces/faces/twitter/stephenmoon/128.jpg",
                    "userId": 5,
                  },
                  "ref": null,
                  "rendered": null,
                  "type": [Function],
                },
                Object {
                  "instance": null,
                  "key": "6",
                  "nodeType": "function",
                  "props": Object {
                    "deleteUser": [Function],
                    "firstName": "Tracey",
                    "lastName": "Ramos",
                    "profileAvatar": "https://s3.amazonaws.com/uifaces/faces/twitter/bigmancho/128.jpg",
                    "userId": 6,
                  },
                  "ref": null,
                  "rendered": null,
                  "type": [Function],
                },
              ],
              "type": "ul",
            },
            "type": "div",
          },
          "type": "div",
        },
      ],
      "type": "div",
    },
  ],
  Symbol(enzyme.__options__): Object {
    "adapter": ReactSixteenAdapter {
      "options": Object {
        "enableComponentDidUpdateOnSetState": true,
        "lifecycles": Object {
          "componentDidUpdate": Object {
            "onSetState": true,
          },
          "getDerivedStateFromProps": true,
          "getSnapshotBeforeUpdate": true,
          "setState": Object {
            "skipsComponentDidUpdateOnNullish": true,
          },
        },
      },
    },
    "attachTo": undefined,
    "hydrateIn": undefined,
  },
}
`;
